// Jest Snapshot v1, https://goo.gl/fbAQLP

exports[`Test suite for Genders should render and match snapshot 1`] = `
<div>
  <div>
    <p
      class="MuiTypography-root WithStyles(ForwardRef(Typography))-root-2 MuiTypography-body1 MuiTypography-gutterBottom"
      id="non-linear-slider"
    >
      Gender
    </p>
    <div
      aria-label="gender selector"
      class="MuiButtonGroup-root"
      data-testid="genders"
      role="group"
    >
      <button
        class="MuiButtonBase-root MuiButton-root WithStyles(ForwardRef(Button))-root-3 MuiButton-outlined MuiButtonGroup-grouped MuiButtonGroup-groupedHorizontal MuiButtonGroup-groupedOutlined MuiButtonGroup-groupedOutlinedHorizontal MuiButtonGroup-groupedOutlinedPrimary MuiButton-outlinedPrimary"
        tabindex="0"
        type="button"
      >
        <span
          class="MuiButton-label"
        >
          Male
        </span>
        <span
          class="MuiTouchRipple-root"
        />
      </button>
      <button
        class="MuiButtonBase-root MuiButton-root WithStyles(ForwardRef(Button))-root-3 MuiButton-outlined MuiButtonGroup-grouped MuiButtonGroup-groupedHorizontal MuiButtonGroup-groupedOutlined MuiButtonGroup-groupedOutlinedHorizontal MuiButtonGroup-groupedOutlinedPrimary MuiButton-outlinedPrimary"
        tabindex="0"
        type="button"
      >
        <span
          class="MuiButton-label"
        >
          Female
        </span>
        <span
          class="MuiTouchRipple-root"
        />
      </button>
      <button
        class="MuiButtonBase-root MuiButton-root WithStyles(ForwardRef(Button))-root-3 MuiButton-outlined MuiButtonGroup-grouped MuiButtonGroup-groupedHorizontal MuiButtonGroup-groupedOutlined MuiButtonGroup-groupedOutlinedHorizontal MuiButtonGroup-groupedOutlinedPrimary selected MuiButton-outlinedPrimary"
        tabindex="0"
        type="button"
      >
        <span
          class="MuiButton-label"
        >
          All
        </span>
        <span
          class="MuiTouchRipple-root"
        />
      </button>
    </div>
  </div>
</div>
`;
